C51 COMPILER V9.00   READ_IO                                                               12/04/2018 15:10:00 PAGE 1   


C51 COMPILER V9.00, COMPILATION OF MODULE READ_IO
OBJECT MODULE PLACED IN Read_IO.OBJ
COMPILER INVOKED BY: H:\Keil\C51\BIN\C51.EXE Read_IO.c BROWSE DEBUG OBJECTEXTEND

line level    source

*** WARNING C500 IN LINE 1 OF READ_IO.C: LICENSE ERROR (R208: RENEW LICENSE ID CODE (LIC))

   1          #include "all.h"
   2          
   3          uchar flame_old,obstacle_old = 0;
   4          uchar machine_status = 0;
   5          uchar mechine_flag = 0;
   6          
   7          uchar detection_IO(void)
   8          {
   9   1              if(flame == 1&&flame_old == 0)
  10   1              {
  11   2                       machine_status = 1;
  12   2                       mechine_flag  = 1;
  13   2              }
  14   1      
  15   1              if(obstacle == 1&&obstacle_old == 0)
  16   1              {
  17   2                      machine_status = 2;
  18   2                      mechine_flag = 1;
  19   2              }
  20   1      
  21   1              if(flame != flame_old)
  22   1              {
  23   2                      flame_old = flame;      
  24   2              }
  25   1              if(obstacle != obstacle_old)
  26   1              {
  27   2                      obstacle_old = obstacle;        
  28   2              }
  29   1      
  30   1              if(flame == 0 && obstacle == 0 && voltage >=40)
  31   1              {
  32   2                      machine_status = 0;
  33   2              }
  34   1      
  35   1              return 0;
  36   1      }
  37          
  38          


MODULE INFORMATION:   STATIC OVERLAYABLE
   CODE SIZE        =     73    ----
   CONSTANT SIZE    =   ----    ----
   XDATA SIZE       =   ----    ----
   PDATA SIZE       =   ----    ----
   DATA SIZE        =      4    ----
   IDATA SIZE       =   ----    ----
   BIT SIZE         =   ----    ----
END OF MODULE INFORMATION.


C51 COMPILATION COMPLETE.  1 WARNING(S),  0 ERROR(S)
