C51 COMPILER V9.00   READ_IO                                                               11/27/2018 23:51:25 PAGE 1   


C51 COMPILER V9.00, COMPILATION OF MODULE READ_IO
OBJECT MODULE PLACED IN Read_IO.OBJ
COMPILER INVOKED BY: G:\Keil\C51\BIN\C51.EXE Read_IO.c BROWSE DEBUG OBJECTEXTEND

line level    source

*** WARNING C500 IN LINE 1 OF READ_IO.C: LICENSE ERROR (R208: RENEW LICENSE ID CODE (LIC))

   1          #include "all.h"
   2          
   3          uchar flame_old,obstacle_old = 0;
   4          uchar machine_status = 0;
   5          uchar mechine_flag = 0;
   6          
   7          uchar detection_IO(void)
   8          {
   9   1              if(flame == 1&&flame_old == 0)
  10   1              {
  11   2                       machine_status = 1;
  12   2                       mechine_flag  = 1;
  13   2              }
  14   1      
  15   1              if(obstacle == 1&&obstacle_old == 0)
  16   1              {
  17   2                      machine_status = 2;
  18   2                      mechine_flag = 1;
  19   2              }
  20   1      
  21   1              if(flame != flame_old)
  22   1              {
  23   2                      flame_old = flame;      
  24   2              }
  25   1              if(obstacle != obstacle_old)
  26   1              {
  27   2                      obstacle_old = obstacle;        
  28   2              }
  29   1      
  30   1              if(flame == 0 && obstacle == 0 )
  31   1              {
  32   2                      machine_status = 0;
  33   2              }
  34   1      }
*** WARNING C173 IN LINE 34 OF READ_IO.C: missing return-expression
  35          
  36          void display(uchar sta)
  37          {
  38   1              if(sta == 0)
  39   1              {
  40   2                 led1 = 1;
  41   2              }
  42   1      
  43   1              if(sta == 1)
  44   1              {
  45   2                      led1 = 0;
  46   2                 led2 = 1;
  47   2              }
  48   1              else led2= 0;
  49   1      
  50   1              if(sta == 2)
  51   1              {
  52   2                      led1 = 0;
  53   2                      led3 = 1 ;
C51 COMPILER V9.00   READ_IO                                                               11/27/2018 23:51:25 PAGE 2   

  54   2              }
  55   1              else led3 = 0;  
  56   1      
  57   1      }
*** WARNING C290 IN LINE 34 OF READ_IO.C: missing return value


MODULE INFORMATION:   STATIC OVERLAYABLE
   CODE SIZE        =     91    ----
   CONSTANT SIZE    =   ----    ----
   XDATA SIZE       =   ----    ----
   PDATA SIZE       =   ----    ----
   DATA SIZE        =      4    ----
   IDATA SIZE       =   ----    ----
   BIT SIZE         =   ----    ----
END OF MODULE INFORMATION.


C51 COMPILATION COMPLETE.  3 WARNING(S),  0 ERROR(S)
